Archive member included to satisfy reference by file (symbol)

c:/program files (x86)/atmel/studio/7.0/toolchain/avr8/avr8-gnu-toolchain/bin/../lib/gcc/avr/4.9.2/avrxmega7\libgcc.a(_udivmodhi4.o)
                              src/ASF/xmega/drivers/usb/usb_device.o (__udivmodhi4)
c:/program files (x86)/atmel/studio/7.0/toolchain/avr8/avr8-gnu-toolchain/bin/../lib/gcc/avr/4.9.2/avrxmega7\libgcc.a(_exit.o)
                              C:/Program Files (x86)/Atmel/Studio/7.0/Packs/atmel/XMEGAA_DFP/1.1.63/gcc/dev/atxmega128a4u/avrxmega7/crtatxmega128a4u.o (exit)
c:/program files (x86)/atmel/studio/7.0/toolchain/avr8/avr8-gnu-toolchain/bin/../lib/gcc/avr/4.9.2/avrxmega7\libgcc.a(_tablejump2.o)
                              src/ASF/xmega/drivers/usb/usb_device.o (__tablejump2__)
c:/program files (x86)/atmel/studio/7.0/toolchain/avr8/avr8-gnu-toolchain/bin/../lib/gcc/avr/4.9.2/avrxmega7\libgcc.a(_copy_data.o)
                              main.o (__do_copy_data)
c:/program files (x86)/atmel/studio/7.0/toolchain/avr8/avr8-gnu-toolchain/bin/../lib/gcc/avr/4.9.2/avrxmega7\libgcc.a(_clear_bss.o)
                              main.o (__do_clear_bss)
c:/program files (x86)/atmel/studio/7.0/toolchain/avr8/avr8-gnu-toolchain/bin/../lib/gcc/avr/4.9.2/../../../../avr/lib/avrxmega7\libc.a(memcpy.o)
                              main.o (memcpy)
c:/program files (x86)/atmel/studio/7.0/toolchain/avr8/avr8-gnu-toolchain/bin/../lib/gcc/avr/4.9.2/../../../../avr/lib/avrxmega7\libc.a(iob.o)
                              main.o (__iob)
c:/program files (x86)/atmel/studio/7.0/toolchain/avr8/avr8-gnu-toolchain/bin/../lib/gcc/avr/4.9.2/../../../../avr/lib/avrxmega7\libc.a(printf.o)
                              main.o (printf)
c:/program files (x86)/atmel/studio/7.0/toolchain/avr8/avr8-gnu-toolchain/bin/../lib/gcc/avr/4.9.2/../../../../avr/lib/avrxmega7\libc.a(putchar.o)
                              main.o (putchar)
c:/program files (x86)/atmel/studio/7.0/toolchain/avr8/avr8-gnu-toolchain/bin/../lib/gcc/avr/4.9.2/../../../../avr/lib/avrxmega7\libc.a(puts.o)
                              main.o (puts)
c:/program files (x86)/atmel/studio/7.0/toolchain/avr8/avr8-gnu-toolchain/bin/../lib/gcc/avr/4.9.2/../../../../avr/lib/avrxmega7\libc.a(vfprintf_std.o)
                              c:/program files (x86)/atmel/studio/7.0/toolchain/avr8/avr8-gnu-toolchain/bin/../lib/gcc/avr/4.9.2/../../../../avr/lib/avrxmega7\libc.a(printf.o) (vfprintf)
c:/program files (x86)/atmel/studio/7.0/toolchain/avr8/avr8-gnu-toolchain/bin/../lib/gcc/avr/4.9.2/../../../../avr/lib/avrxmega7\libc.a(strnlen_P.o)
                              c:/program files (x86)/atmel/studio/7.0/toolchain/avr8/avr8-gnu-toolchain/bin/../lib/gcc/avr/4.9.2/../../../../avr/lib/avrxmega7\libc.a(vfprintf_std.o) (strnlen_P)
c:/program files (x86)/atmel/studio/7.0/toolchain/avr8/avr8-gnu-toolchain/bin/../lib/gcc/avr/4.9.2/../../../../avr/lib/avrxmega7\libc.a(strnlen.o)
                              c:/program files (x86)/atmel/studio/7.0/toolchain/avr8/avr8-gnu-toolchain/bin/../lib/gcc/avr/4.9.2/../../../../avr/lib/avrxmega7\libc.a(vfprintf_std.o) (strnlen)
c:/program files (x86)/atmel/studio/7.0/toolchain/avr8/avr8-gnu-toolchain/bin/../lib/gcc/avr/4.9.2/../../../../avr/lib/avrxmega7\libc.a(fputc.o)
                              c:/program files (x86)/atmel/studio/7.0/toolchain/avr8/avr8-gnu-toolchain/bin/../lib/gcc/avr/4.9.2/../../../../avr/lib/avrxmega7\libc.a(putchar.o) (fputc)
c:/program files (x86)/atmel/studio/7.0/toolchain/avr8/avr8-gnu-toolchain/bin/../lib/gcc/avr/4.9.2/../../../../avr/lib/avrxmega7\libc.a(ultoa_invert.o)
                              c:/program files (x86)/atmel/studio/7.0/toolchain/avr8/avr8-gnu-toolchain/bin/../lib/gcc/avr/4.9.2/../../../../avr/lib/avrxmega7\libc.a(vfprintf_std.o) (__ultoa_invert)

Allocating common symbols
Common symbol       size              file

_rxData             0x100             main.o
udd_g_ctrlreq       0x10              src/ASF/xmega/drivers/usb/usb_device.o
sleepmgr_locks      0x6               src/ASF/common/services/sleepmgr/xmega/sleepmgr.o
_txEmpty            0x1               main.o
__iob               0x6               c:/program files (x86)/atmel/studio/7.0/toolchain/avr8/avr8-gnu-toolchain/bin/../lib/gcc/avr/4.9.2/../../../../avr/lib/avrxmega7\libc.a(iob.o)

Discarded input sections

 .data          0x00000000        0x0 C:/Program Files (x86)/Atmel/Studio/7.0/Packs/atmel/XMEGAA_DFP/1.1.63/gcc/dev/atxmega128a4u/avrxmega7/crtatxmega128a4u.o
 .bss           0x00000000        0x0 C:/Program Files (x86)/Atmel/Studio/7.0/Packs/atmel/XMEGAA_DFP/1.1.63/gcc/dev/atxmega128a4u/avrxmega7/crtatxmega128a4u.o
 .group         0x00000000        0x8 main.o
 .group         0x00000000        0x8 main.o
 .group         0x00000000        0x8 main.o
 .group         0x00000000        0x8 main.o
 .group         0x00000000        0x8 main.o
 .group         0x00000000        0x8 main.o
 .group         0x00000000        0x8 main.o
[...]
Memory Configuration

Name             Origin             Length             Attributes
text             0x00000000         0x00100000         xr
data             0x00802000         0x0000ffa0         rw !x
eeprom           0x00810000         0x00010000         rw !x
fuse             0x00820000         0x00000006         rw !x
lock             0x00830000         0x00000400         rw !x
signature        0x00840000         0x00000400         rw !x
user_signatures  0x00850000         0x00000400         rw !x
*default*        0x00000000         0xffffffff

Linker script and memory map

LOAD C:/Program Files (x86)/Atmel/Studio/7.0/Packs/atmel/XMEGAA_DFP/1.1.63/gcc/dev/atxmega128a4u/avrxmega7/crtatxmega128a4u.o
LOAD main.o
LOAD src/ASF/common/services/usb/class/cdc/device/udi_cdc.o
LOAD src/ASF/common/services/usb/udc/udc.o
LOAD src/ASF/xmega/drivers/usb/usb_device.o
LOAD src/ASF/common/services/usb/class/cdc/device/udi_cdc_desc.o
LOAD src/ASF/common/services/sleepmgr/xmega/sleepmgr.o
LOAD src/ASF/common/services/clock/xmega/sysclk.o
LOAD src/ASF/xmega/drivers/nvm/nvm.o
LOAD src/ASF/xmega/drivers/nvm/nvm_asm.o
LOAD src/ASF/xmega/drivers/cpu/ccp.o
LOAD src/ASF/common/boards/user_board/init.o
START GROUP
LOAD c:/program files (x86)/atmel/studio/7.0/toolchain/avr8/avr8-gnu-toolchain/bin/../lib/gcc/avr/4.9.2/../../../../avr/lib/avrxmega7\libm.a
END GROUP
Address of section .BOOT set to 0x20000
START GROUP
LOAD c:/program files (x86)/atmel/studio/7.0/toolchain/avr8/avr8-gnu-toolchain/bin/../lib/gcc/avr/4.9.2/avrxmega7\libgcc.a
LOAD c:/program files (x86)/atmel/studio/7.0/toolchain/avr8/avr8-gnu-toolchain/bin/../lib/gcc/avr/4.9.2/../../../../avr/lib/avrxmega7\libm.a
LOAD c:/program files (x86)/atmel/studio/7.0/toolchain/avr8/avr8-gnu-toolchain/bin/../lib/gcc/avr/4.9.2/../../../../avr/lib/avrxmega7\libc.a
LOAD C:/Program Files (x86)/Atmel/Studio/7.0/Packs/atmel/XMEGAA_DFP/1.1.63/gcc/dev/atxmega128a4u/avrxmega7\libatxmega128a4u.a
END GROUP
                0x00100000                __TEXT_REGION_LENGTH__ = DEFINED (__TEXT_REGION_LENGTH__)?__TEXT_REGION_LENGTH__:0x100000
                0x0000ffa0                __DATA_REGION_LENGTH__ = DEFINED (__DATA_REGION_LENGTH__)?__DATA_REGION_LENGTH__:0xffa0
                0x00010000                __EEPROM_REGION_LENGTH__ = DEFINED (__EEPROM_REGION_LENGTH__)?__EEPROM_REGION_LENGTH__:0x10000
                [0x00000006]                __FUSE_REGION_LENGTH__ = DEFINED (__FUSE_REGION_LENGTH__)?__FUSE_REGION_LENGTH__:0x400
                0x00000400                __LOCK_REGION_LENGTH__ = DEFINED (__LOCK_REGION_LENGTH__)?__LOCK_REGION_LENGTH__:0x400
                0x00000400                __SIGNATURE_REGION_LENGTH__ = DEFINED (__SIGNATURE_REGION_LENGTH__)?__SIGNATURE_REGION_LENGTH__:0x400
                0x00000400                __USER_SIGNATURE_REGION_LENGTH__ = DEFINED (__USER_SIGNATURE_REGION_LENGTH__)?__USER_SIGNATURE_REGION_LENGTH__:0x400

.hash
 *(.hash)

.dynsym
 *(.dynsym)

.dynstr
 *(.dynstr)

.gnu.version
 *(.gnu.version)

.gnu.version_d
 *(.gnu.version_d)

.gnu.version_r
 *(.gnu.version_r)

.rel.init
 *(.rel.init)

.rela.init
 *(.rela.init)

.rel.text
 *(.rel.text)
 *(.rel.text.*)
 *(.rel.gnu.linkonce.t*)

.rela.text
 *(.rela.text)
 *(.rela.text.*)
 *(.rela.gnu.linkonce.t*)

.rel.fini
 *(.rel.fini)

.rela.fini
 *(.rela.fini)

.rel.rodata
 *(.rel.rodata)
 *(.rel.rodata.*)
 *(.rel.gnu.linkonce.r*)

.rela.rodata
 *(.rela.rodata)
 *(.rela.rodata.*)
 *(.rela.gnu.linkonce.r*)

.rel.data
 *(.rel.data)
 *(.rel.data.*)
 *(.rel.gnu.linkonce.d*)

.rela.data
 *(.rela.data)
 *(.rela.data.*)
 *(.rela.gnu.linkonce.d*)

.rel.ctors
 *(.rel.ctors)

.rela.ctors
 *(.rela.ctors)

.rel.dtors
 *(.rel.dtors)

.rela.dtors
 *(.rela.dtors)

.rel.got
 *(.rel.got)

.rela.got
 *(.rela.got)

.rel.bss
 *(.rel.bss)

.rela.bss
 *(.rela.bss)

.rel.plt
 *(.rel.plt)

.rela.plt
 *(.rela.plt)

.text           0x00000000     0x33c2
 *(.vectors)
 .vectors       0x00000000      0x1fc C:/Program Files (x86)/Atmel/Studio/7.0/Packs/atmel/XMEGAA_DFP/1.1.63/gcc/dev/atxmega128a4u/avrxmega7/crtatxmega128a4u.o
                0x00000000                __vector_default
                0x00000000                __vectors
 *(.vectors)
 *(.progmem.gcc*)
 .progmem.gcc_sw_table.udd_ep_get_size
                0x000001fc        0xe src/ASF/xmega/drivers/usb/usb_device.o
                0x0000020a                . = ALIGN (0x2)
                0x0000020a                __trampolines_start = .
 *(.trampolines)
 .trampolines   0x0000020a        0x0 linker stubs
 *(.trampolines*)
                0x0000020a                __trampolines_end = .
 *libprintf_flt.a:*(.progmem.data)
 *libc.a:*(.progmem.data)
 *(.progmem*)
                0x0000020a                . = ALIGN (0x2)
 *(.jumptables)
 *(.jumptables*)
 *(.lowtext)
 *(.lowtext*)
                0x0000020a                __ctors_start = .
 *(.ctors)
                0x0000020a                __ctors_end = .
                0x0000020a                __dtors_start = .
 *(.dtors)
                0x0000020a                __dtors_end = .
 SORT(*)(.ctors)
 SORT(*)(.dtors)
 *(.init0)
 .init0         0x0000020a        0x0 C:/Program Files (x86)/Atmel/Studio/7.0/Packs/atmel/XMEGAA_DFP/1.1.63/gcc/dev/atxmega128a4u/avrxmega7/crtatxmega128a4u.o
                0x0000020a                __init
 *(.init0)
 *(.init1)
 *(.init1)
 *(.init2)
 .init2         0x0000020a       0x18 C:/Program Files (x86)/Atmel/Studio/7.0/Packs/atmel/XMEGAA_DFP/1.1.63/gcc/dev/atxmega128a4u/avrxmega7/crtatxmega128a4u.o
 *(.init2)
 *(.init3)
 *(.init3)
 *(.init4)
 .init4         0x00000222       0x1c c:/program files (x86)/atmel/studio/7.0/toolchain/avr8/avr8-gnu-toolchain/bin/../lib/gcc/avr/4.9.2/avrxmega7\libgcc.a(_copy_data.o)
                0x00000222                __do_copy_data
 .init4         0x0000023e       0x10 c:/program files (x86)/atmel/studio/7.0/toolchain/avr8/avr8-gnu-toolchain/bin/../lib/gcc/avr/4.9.2/avrxmega7\libgcc.a(_clear_bss.o)
                0x0000023e                __do_clear_bss
 *(.init4)
 *(.init5)
 *(.init5)
 *(.init6)
 *(.init6)
 *(.init7)
 *(.init7)
 *(.init8)
 *(.init8)
 *(.init9)
 .init9         0x0000024e        0x6 C:/Program Files (x86)/Atmel/Studio/7.0/Packs/atmel/XMEGAA_DFP/1.1.63/gcc/dev/atxmega128a4u/avrxmega7/crtatxmega128a4u.o
 *(.init9)
 *(.text)
 .text          0x00000254        0x2 C:/Program Files (x86)/Atmel/Studio/7.0/Packs/atmel/XMEGAA_DFP/1.1.63/gcc/dev/atxmega128a4u/avrxmega7/crtatxmega128a4u.o
                0x00000254                __vector_38
                0x00000254                __vector_104
                0x00000254                __vector_22
                0x00000254                __vector_63
                0x00000254                __vector_28
                0x00000254                __vector_67
                0x00000254                __vector_1
                0x00000254                __vector_119
                0x00000254                __vector_32
                0x00000254                __vector_75
                0x00000254                __vector_71
                0x00000254                __vector_91
                0x00000254                __vector_34
                0x00000254                __vector_62
                0x00000254                __vector_77
                0x00000254                __vector_102
                0x00000254                __vector_24
                0x00000254                __vector_12
                0x00000254                __vector_55
                0x00000254                __vector_69
                0x00000254                __vector_81
                0x00000254                __vector_90
                0x00000254                __vector_46
                0x00000254                __bad_interrupt
                0x00000254                __vector_122
                0x00000254                __vector_72
                0x00000254                __vector_114
                0x00000254                __vector_6
                0x00000254                __vector_110
                0x00000254                __vector_31
                0x00000254                __vector_92
                0x00000254                __vector_35
                0x00000254                __vector_78
                0x00000254                __vector_74
                0x00000254                __vector_117
                0x00000254                __vector_39
                0x00000254                __vector_107
                0x00000254                __vector_3
                0x00000254                __vector_105
                0x00000254                __vector_98
                0x00000254                __vector_23
                0x00000254                __vector_68
                0x00000254                __vector_30
                0x00000254                __vector_73
                0x00000254                __vector_45
                0x00000254                __vector_25
                0x00000254                __vector_93
                0x00000254                __vector_61
                0x00000254                __vector_11
                0x00000254                __vector_54
                0x00000254                __vector_99
                0x00000254                __vector_13
                0x00000254                __vector_17
                0x00000254                __vector_19
                0x00000254                __vector_56
                0x00000254                __vector_7
                0x00000254                __vector_49
                0x00000254                __vector_123
                0x00000254                __vector_41
                0x00000254                __vector_86
                0x00000254                __vector_100
                0x00000254                __vector_101
                0x00000254                __vector_64
                0x00000254                __vector_88
                0x00000254                __vector_109
                0x00000254                __vector_43
                0x00000254                __vector_27
                0x00000254                __vector_5
                0x00000254                __vector_113
                0x00000254                __vector_33
                0x00000254                __vector_76
                0x00000254                __vector_115
                0x00000254                __vector_47
                0x00000254                __vector_52
                0x00000254                __vector_37
                0x00000254                __vector_95
                0x00000254                __vector_103
                0x00000254                __vector_96
                0x00000254                __vector_89
                0x00000254                __vector_108
                0x00000254                __vector_4
                0x00000254                __vector_44
                0x00000254                __vector_82
                0x00000254                __vector_106
                0x00000254                __vector_118
                0x00000254                __vector_51
                0x00000254                __vector_9
                0x00000254                __vector_2
                0x00000254                __vector_21
                0x00000254                __vector_15
                0x00000254                __vector_66
                0x00000254                __vector_36
                0x00000254                __vector_79
                0x00000254                __vector_58
                0x00000254                __vector_70
                0x00000254                __vector_83
                0x00000254                __vector_29
                0x00000254                __vector_60
                0x00000254                __vector_121
                0x00000254                __vector_40
                0x00000254                __vector_85
                0x00000254                __vector_94
                0x00000254                __vector_8
                0x00000254                __vector_26
                0x00000254                __vector_48
                0x00000254                __vector_124
                0x00000254                __vector_116
                0x00000254                __vector_112
                0x00000254                __vector_111
                0x00000254                __vector_80
                0x00000254                __vector_14
                0x00000254                __vector_84
                0x00000254                __vector_57
                0x00000254                __vector_53
                0x00000254                __vector_10
                0x00000254                __vector_50
                0x00000254                __vector_16
                0x00000254                __vector_59
                0x00000254                __vector_18
                0x00000254                __vector_97
                0x00000254                __vector_20
                0x00000254                __vector_42
                0x00000254                __vector_87
                0x00000254                __vector_65
                0x00000254                __vector_120
                0x00000256                . = ALIGN (0x2)
 *(.text.*)
 .text.uart_putchar
                0x00000256       0x10 main.o
                0x00000256                uart_putchar
 .text.initSPI  0x00000266       0x1c main.o
                0x00000266                initSPI
 .text.initDebugUART
                0x00000282       0x12 main.o
                0x00000282                initDebugUART
 .text.sendSPI  0x00000294       0x14 main.o
                0x00000294                sendSPI
 .text.sendDummy
                0x000002a8        0x6 main.o
                0x000002a8                sendDummy
 .text.memSendAddress
                0x000002ae       0x18 main.o
                0x000002ae                memSendAddress
 .text.getMemStatus
                0x000002c6       0x20 main.o
                0x000002c6                getMemStatus
 .text.waitForNotBusy
                0x000002e6        0x8 main.o
                0x000002e6                waitForNotBusy
 .text.memEnableWrite
                0x000002ee       0x1c main.o
                0x000002ee                memEnableWrite
 .text.memEraseSector
                0x0000030a       0x3c main.o
                0x0000030a                memEraseSector
 .text.memRead256ToStdOut
                0x00000346       0xe6 main.o
                0x00000346                memRead256ToStdOut
 .text.memReadToBuffer
                0x0000042c       0x66 main.o
                0x0000042c                memReadToBuffer
 .text.memWriteBuff
                0x00000492       0x68 main.o
                0x00000492                memWriteBuff
 .text.TESTWriteMem
                0x000004fa       0x5e main.o
                0x000004fa                TESTWriteMem
 .text.returnChipId
                0x00000558       0x34 main.o
                0x00000558                returnChipId
 .text.eraseChip
                0x0000058c       0x2a main.o
                0x0000058c                eraseChip
 .text.readText
                0x000005b6      0x170 main.o
                0x000005b6                readText
 .text.readData
                0x00000726      0x1c2 main.o
                0x00000726                readData
 .text.my_callback_cdc_enable
                0x000008e8        0x4 main.o
                0x000008e8                my_callback_cdc_enable
 .text.my_callback_cdc_disable
                0x000008ec        0x2 main.o
                0x000008ec                my_callback_cdc_disable
 .text.writeText
                0x000008ee      0x1a6 main.o
                0x000008ee                writeText
 .text.writeData
                0x00000a94      0x268 main.o
                0x00000a94                writeData
 .text.my_callback_rx_notify
                0x00000cfc       0x84 main.o
                0x00000cfc                my_callback_rx_notify
 .text.my_callback_tx_empty_notify
                0x00000d80        0x8 main.o
                0x00000d80                my_callback_tx_empty_notify
 .text.main     0x00000d88       0x94 main.o
                0x00000d88                main
 .text.udi_cdc_comm_disable
                0x00000e1c        0xc src/ASF/common/services/usb/class/cdc/device/udi_cdc.o
                0x00000e1c                udi_cdc_comm_disable
 .text.udi_cdc_data_setup
                0x00000e28        0x4 src/ASF/common/services/usb/class/cdc/device/udi_cdc.o
                0x00000e28                udi_cdc_data_setup
 .text.udi_cdc_getsetting
                0x00000e2c        0x4 src/ASF/common/services/usb/class/cdc/device/udi_cdc.o
                0x00000e2c                udi_cdc_getsetting
 .text.udi_cdc_comm_setup
                0x00000e30       0x94 src/ASF/common/services/usb/class/cdc/device/udi_cdc.o
                0x00000e30                udi_cdc_comm_setup
 .text.udi_cdc_line_coding_received
                0x00000ec4        0x2 src/ASF/common/services/usb/class/cdc/device/udi_cdc.o
 .text.udi_cdc_comm_enable
                0x00000ec6       0x5a src/ASF/common/services/usb/class/cdc/device/udi_cdc.o
                0x00000ec6                udi_cdc_comm_enable
 .text.udi_cdc_tx_send
                0x00000f20      0x162 src/ASF/common/services/usb/class/cdc/device/udi_cdc.o
 .text.udi_cdc_data_sof_notify
                0x00001082        0x6 src/ASF/common/services/usb/class/cdc/device/udi_cdc.o
                0x00001082                udi_cdc_data_sof_notify
 .text.udi_cdc_data_sent
                0x00001088       0x38 src/ASF/common/services/usb/class/cdc/device/udi_cdc.o
 .text.udi_cdc_data_disable
                0x000010c0       0x16 src/ASF/common/services/usb/class/cdc/device/udi_cdc.o
                0x000010c0                udi_cdc_data_disable
 .text.udi_cdc_multi_get_nb_received_data
                0x000010d6       0x3a src/ASF/common/services/usb/class/cdc/device/udi_cdc.o
                0x000010d6                udi_cdc_multi_get_nb_received_data
 .text.udi_cdc_multi_is_rx_ready
                0x00001110        0xe src/ASF/common/services/usb/class/cdc/device/udi_cdc.o
                0x00001110                udi_cdc_multi_is_rx_ready
 .text.udi_cdc_rx_start
                0x0000111e       0xa2 src/ASF/common/services/usb/class/cdc/device/udi_cdc.o
 .text.udi_cdc_data_enable
                0x000011c0       0x64 src/ASF/common/services/usb/class/cdc/device/udi_cdc.o
                0x000011c0                udi_cdc_data_enable
 .text.udi_cdc_data_received
                0x00001224       0x60 src/ASF/common/services/usb/class/cdc/device/udi_cdc.o
 .text.udi_cdc_read_no_polling
                0x00001284       0xc2 src/ASF/common/services/usb/class/cdc/device/udi_cdc.o
                0x00001284                udi_cdc_read_no_polling
 .text.udi_cdc_multi_get_free_tx_buffer
                0x00001346       0x60 src/ASF/common/services/usb/class/cdc/device/udi_cdc.o
                0x00001346                udi_cdc_multi_get_free_tx_buffer
 .text.udi_cdc_multi_is_tx_ready
                0x000013a6        0xe src/ASF/common/services/usb/class/cdc/device/udi_cdc.o
                0x000013a6                udi_cdc_multi_is_tx_ready
 .text.udi_cdc_multi_putc
                0x000013b4       0x9e src/ASF/common/services/usb/class/cdc/device/udi_cdc.o
                0x000013b4                udi_cdc_multi_putc
 .text.udi_cdc_putc
                0x00001452        0x8 src/ASF/common/services/usb/class/cdc/device/udi_cdc.o
                0x00001452                udi_cdc_putc
 .text.udi_cdc_multi_write_buf
                0x0000145a       0xe8 src/ASF/common/services/usb/class/cdc/device/udi_cdc.o
                0x0000145a                udi_cdc_multi_write_buf
 .text.udc_next_desc_in_iface
                0x00001542       0x64 src/ASF/common/services/usb/udc/udc.o
 .text.udc_valid_address
                0x000015a6        0xa src/ASF/common/services/usb/udc/udc.o
 .text.udc_update_iface_desc
                0x000015b0       0x74 src/ASF/common/services/usb/udc/udc.o
 .text.udc_iface_disable
                0x00001624       0x84 src/ASF/common/services/usb/udc/udc.o
 .text.udc_iface_enable
                0x000016a8       0x64 src/ASF/common/services/usb/udc/udc.o
 .text.udc_start
                0x0000170c        0x4 src/ASF/common/services/usb/udc/udc.o
                0x0000170c                udc_start
 .text.udc_reset
                0x00001710       0x4e src/ASF/common/services/usb/udc/udc.o
                0x00001710                udc_reset
 .text.udc_sof_notify
                0x0000175e       0x60 src/ASF/common/services/usb/udc/udc.o
                0x0000175e                udc_sof_notify
 .text.udc_process_setup
                0x000017be      0x504 src/ASF/common/services/usb/udc/udc.o
                0x000017be                udc_process_setup
 .text.udd_sleep_mode
                0x00001cc2       0x70 src/ASF/xmega/drivers/usb/usb_device.o
 .text.udd_ctrl_init
                0x00001d32       0x4a src/ASF/xmega/drivers/usb/usb_device.o
 .text.udd_ctrl_stall_data
                0x00001d7c       0x1c src/ASF/xmega/drivers/usb/usb_device.o
 .text.udd_ctrl_send_zlp_in
                0x00001d98       0x1c src/ASF/xmega/drivers/usb/usb_device.o
 .text.udd_ctrl_endofrequest
                0x00001db4       0x10 src/ASF/xmega/drivers/usb/usb_device.o
 .text.udd_ctrl_in_sent
                0x00001dc4       0xd8 src/ASF/xmega/drivers/usb/usb_device.o
 .text.udd_ep_get_size
                0x00001e9c       0x50 src/ASF/xmega/drivers/usb/usb_device.o
 .text.udd_ep_get_job
                0x00001eec       0x36 src/ASF/xmega/drivers/usb/usb_device.o
 .text.udd_ctrl_interrupt_tc_setup
                0x00001f22       0xe2 src/ASF/xmega/drivers/usb/usb_device.o
 .text.udd_ep_trans_complet
                0x00002004      0x2fa src/ASF/xmega/drivers/usb/usb_device.o
 .text.udd_attach
                0x000022fe       0x5a src/ASF/xmega/drivers/usb/usb_device.o
                0x000022fe                udd_attach
 .text.udd_enable
                0x00002358      0x104 src/ASF/xmega/drivers/usb/usb_device.o
                0x00002358                udd_enable
 .text.udd_is_high_speed
                0x0000245c        0x4 src/ASF/xmega/drivers/usb/usb_device.o
                0x0000245c                udd_is_high_speed
 .text.udd_set_address
                0x00002460        0x6 src/ASF/xmega/drivers/usb/usb_device.o
                0x00002460                udd_set_address
 .text.udd_getaddress
                0x00002466        0x6 src/ASF/xmega/drivers/usb/usb_device.o
                0x00002466                udd_getaddress
 .text.udd_get_frame_number
                0x0000246c        0xa src/ASF/xmega/drivers/usb/usb_device.o
                0x0000246c                udd_get_frame_number
 .text.udd_get_micro_frame_number
                0x00002476        0x6 src/ASF/xmega/drivers/usb/usb_device.o
                0x00002476                udd_get_micro_frame_number
 .text.udd_set_setup_payload
                0x0000247c        0xe src/ASF/xmega/drivers/usb/usb_device.o
                0x0000247c                udd_set_setup_payload
 .text.udd_ep_alloc
                0x0000248a      0x110 src/ASF/xmega/drivers/usb/usb_device.o
                0x0000248a                udd_ep_alloc
 .text.udd_ep_is_halted
                0x0000259a       0x36 src/ASF/xmega/drivers/usb/usb_device.o
                0x0000259a                udd_ep_is_halted
 .text.udd_ep_clear_halt
                0x000025d0       0x6e src/ASF/xmega/drivers/usb/usb_device.o
                0x000025d0                udd_ep_clear_halt
 .text.udd_ep_run
                0x0000263e      0x18e src/ASF/xmega/drivers/usb/usb_device.o
                0x0000263e                udd_ep_run
 .text.udd_ep_abort
                0x000027cc       0x92 src/ASF/xmega/drivers/usb/usb_device.o
                0x000027cc                udd_ep_abort
 .text.udd_ep_free
                0x0000285e       0x38 src/ASF/xmega/drivers/usb/usb_device.o
                0x0000285e                udd_ep_free
 .text.udd_ep_set_halt
                0x00002896       0x3a src/ASF/xmega/drivers/usb/usb_device.o
                0x00002896                udd_ep_set_halt
 .text.__vector_125
                0x000028d0      0x186 src/ASF/xmega/drivers/usb/usb_device.o
                0x000028d0                __vector_125
 .text.__vector_126
                0x00002a56      0x210 src/ASF/xmega/drivers/usb/usb_device.o
                0x00002a56                __vector_126
 .text.sysclk_init
                0x00002c66       0x7e src/ASF/common/services/clock/xmega/sysclk.o
                0x00002c66                sysclk_init
 .text.sysclk_enable_module
                0x00002ce4       0x2c src/ASF/common/services/clock/xmega/sysclk.o
                0x00002ce4                sysclk_enable_module
 .text.sysclk_enable_usb
                0x00002d10       0x8a src/ASF/common/services/clock/xmega/sysclk.o
                0x00002d10                sysclk_enable_usb
 .text.nvm_read_byte
                0x00002d9a       0x14 src/ASF/xmega/drivers/nvm/nvm_asm.o
                0x00002d9a                nvm_read_byte
 .text.ccp_write_io
                0x00002dae        0xc src/ASF/xmega/drivers/cpu/ccp.o
                0x00002dae                ccp_write_io
 .text.libgcc.div
                0x00002dba       0x28 c:/program files (x86)/atmel/studio/7.0/toolchain/avr8/avr8-gnu-toolchain/bin/../lib/gcc/avr/4.9.2/avrxmega7\libgcc.a(_udivmodhi4.o)
                0x00002dba                __udivmodhi4
 .text.libgcc   0x00002de2       0x12 c:/program files (x86)/atmel/studio/7.0/toolchain/avr8/avr8-gnu-toolchain/bin/../lib/gcc/avr/4.9.2/avrxmega7\libgcc.a(_tablejump2.o)
                0x00002de2                __tablejump2__
 .text.avr-libc
                0x00002df4       0x12 c:/program files (x86)/atmel/studio/7.0/toolchain/avr8/avr8-gnu-toolchain/bin/../lib/gcc/avr/4.9.2/../../../../avr/lib/avrxmega7\libc.a(memcpy.o)
                0x00002df4                memcpy
 .text.avr-libc
                0x00002e06       0x26 c:/program files (x86)/atmel/studio/7.0/toolchain/avr8/avr8-gnu-toolchain/bin/../lib/gcc/avr/4.9.2/../../../../avr/lib/avrxmega7\libc.a(printf.o)
                0x00002e06                printf
 .text.avr-libc
                0x00002e2c        0xa c:/program files (x86)/atmel/studio/7.0/toolchain/avr8/avr8-gnu-toolchain/bin/../lib/gcc/avr/4.9.2/../../../../avr/lib/avrxmega7\libc.a(putchar.o)
                0x00002e2c                putchar
 .text.avr-libc
                0x00002e36       0x60 c:/program files (x86)/atmel/studio/7.0/toolchain/avr8/avr8-gnu-toolchain/bin/../lib/gcc/avr/4.9.2/../../../../avr/lib/avrxmega7\libc.a(puts.o)
                0x00002e36                puts
 .text.avr-libc
                0x00002e96      0x3d0 c:/program files (x86)/atmel/studio/7.0/toolchain/avr8/avr8-gnu-toolchain/bin/../lib/gcc/avr/4.9.2/../../../../avr/lib/avrxmega7\libc.a(vfprintf_std.o)
                0x00002e96                vfprintf
 .text.avr-libc
                0x00003266       0x16 c:/program files (x86)/atmel/studio/7.0/toolchain/avr8/avr8-gnu-toolchain/bin/../lib/gcc/avr/4.9.2/../../../../avr/lib/avrxmega7\libc.a(strnlen_P.o)
                0x00003266                strnlen_P
 .text.avr-libc
                0x0000327c       0x16 c:/program files (x86)/atmel/studio/7.0/toolchain/avr8/avr8-gnu-toolchain/bin/../lib/gcc/avr/4.9.2/../../../../avr/lib/avrxmega7\libc.a(strnlen.o)
                0x0000327c                strnlen
 .text.avr-libc
                0x00003292       0x70 c:/program files (x86)/atmel/studio/7.0/toolchain/avr8/avr8-gnu-toolchain/bin/../lib/gcc/avr/4.9.2/../../../../avr/lib/avrxmega7\libc.a(fputc.o)
                0x00003292                fputc
 .text.avr-libc
                0x00003302       0xbc c:/program files (x86)/atmel/studio/7.0/toolchain/avr8/avr8-gnu-toolchain/bin/../lib/gcc/avr/4.9.2/../../../../avr/lib/avrxmega7\libc.a(ultoa_invert.o)
                0x00003302                __ultoa_invert
                0x000033be                . = ALIGN (0x2)
 *(.fini9)
 .fini9         0x000033be        0x0 c:/program files (x86)/atmel/studio/7.0/toolchain/avr8/avr8-gnu-toolchain/bin/../lib/gcc/avr/4.9.2/avrxmega7\libgcc.a(_exit.o)
                0x000033be                _exit
                0x000033be                exit
 *(.fini9)
 *(.fini8)
 *(.fini8)
 *(.fini7)
 *(.fini7)
 *(.fini6)
 *(.fini6)
 *(.fini5)
 *(.fini5)
 *(.fini4)
 *(.fini4)
 *(.fini3)
 *(.fini3)
 *(.fini2)
 *(.fini2)
 *(.fini1)
 *(.fini1)
 *(.fini0)
 .fini0         0x000033be        0x4 c:/program files (x86)/atmel/studio/7.0/toolchain/avr8/avr8-gnu-toolchain/bin/../lib/gcc/avr/4.9.2/avrxmega7\libgcc.a(_exit.o)
 *(.fini0)
                0x000033c2                _etext = .

.data           0x00802000      0x126 load address 0x000033c2
                0x00802000                PROVIDE (__data_start, .)
 *(.data)
 *(.data*)
 .data.mystdout
                0x00802000        0xe main.o
                0x00802000                mystdout
 .data.udi_api_cdc_data
                0x0080200e        0xa src/ASF/common/services/usb/class/cdc/device/udi_cdc.o
                0x0080200e                udi_api_cdc_data
 .data.udi_api_cdc_comm
                0x00802018        0xa src/ASF/common/services/usb/class/cdc/device/udi_cdc.o
                0x00802018                udi_api_cdc_comm
 .data.udc_string_desc
                0x00802022       0x26 src/ASF/common/services/usb/udc/udc.o
 .data.udc_string_product_name
                0x00802048       0x13 src/ASF/common/services/usb/udc/udc.o
 .data.udc_string_manufacturer_name
                0x0080205b       0x13 src/ASF/common/services/usb/udc/udc.o
 .data.udc_string_desc_languageid
                0x0080206e        0x4 src/ASF/common/services/usb/udc/udc.o
 .data.udc_config
                0x00802072        0x6 src/ASF/common/services/usb/class/cdc/device/udi_cdc_desc.o
                0x00802072                udc_config
 .data.udc_config_fs
                0x00802078        0x4 src/ASF/common/services/usb/class/cdc/device/udi_cdc_desc.o
                0x00802078                udc_config_fs
 .data.udi_apis
                0x0080207c        0x4 src/ASF/common/services/usb/class/cdc/device/udi_cdc_desc.o
                0x0080207c                udi_apis
 .data.udc_desc_fs
                0x00802080       0x44 src/ASF/common/services/usb/class/cdc/device/udi_cdc_desc.o
                0x00802080                udc_desc_fs
 .data.udc_device_desc
                0x008020c4       0x12 src/ASF/common/services/usb/class/cdc/device/udi_cdc_desc.o
                0x008020c4                udc_device_desc
 *(.rodata)
 *(.rodata*)
 .rodata.str1.1
                0x008020d6       0x47 main.o
                                 0x49 (size before relaxing)
 .rodata.str1.1
                0x0080211d        0x8 src/ASF/common/services/usb/udc/udc.o
 *(.gnu.linkonce.d*)
                0x00802126                . = ALIGN (0x2)
 *fill*         0x00802125        0x1 
                0x00802126                _edata = .
                0x00802126                PROVIDE (__data_end, .)

.bss            0x00802126      0x38c
                0x00802126                PROVIDE (__bss_start, .)
 *(.bss)
 *(.bss*)
 .bss._rxDataPos
                0x00802126        0x4 main.o
                0x00802126                _rxDataPos
 .bss._rxDataLen
                0x0080212a        0x4 main.o
                0x0080212a                _rxDataLen
 .bss._rxIndex  0x0080212e        0x1 main.o
                0x0080212e                _rxIndex
 .bss._currentCommand
                0x0080212f        0x1 main.o
                0x0080212f                _currentCommand
 .bss._runTest  0x00802130        0x1 main.o
                0x00802130                _runTest
 .bss.sof_zlp_counter.4973
                0x00802131        0x2 src/ASF/common/services/usb/class/cdc/device/udi_cdc.o
 .bss.udi_cdc_tx_both_buf_to_send
                0x00802133        0x1 src/ASF/common/services/usb/class/cdc/device/udi_cdc.o
 .bss.udi_cdc_tx_trans_ongoing
                0x00802134        0x1 src/ASF/common/services/usb/class/cdc/device/udi_cdc.o
 .bss.udi_cdc_tx_sof_num
                0x00802135        0x2 src/ASF/common/services/usb/class/cdc/device/udi_cdc.o
 .bss.udi_cdc_tx_buf_sel
                0x00802137        0x1 src/ASF/common/services/usb/class/cdc/device/udi_cdc.o
 .bss.udi_cdc_tx_buf_nb
                0x00802138        0x4 src/ASF/common/services/usb/class/cdc/device/udi_cdc.o
 .bss.udi_cdc_tx_buf
                0x0080213c       0x80 src/ASF/common/services/usb/class/cdc/device/udi_cdc.o
 .bss.udi_cdc_rx_trans_ongoing
                0x008021bc        0x1 src/ASF/common/services/usb/class/cdc/device/udi_cdc.o
 .bss.udi_cdc_rx_pos
                0x008021bd        0x2 src/ASF/common/services/usb/class/cdc/device/udi_cdc.o
 .bss.udi_cdc_rx_buf_sel
                0x008021bf        0x1 src/ASF/common/services/usb/class/cdc/device/udi_cdc.o
 .bss.udi_cdc_rx_buf_nb
                0x008021c0        0x4 src/ASF/common/services/usb/class/cdc/device/udi_cdc.o
 .bss.udi_cdc_rx_buf
                0x008021c4       0x80 src/ASF/common/services/usb/class/cdc/device/udi_cdc.o
 .bss.udi_cdc_data_running
                0x00802244        0x1 src/ASF/common/services/usb/class/cdc/device/udi_cdc.o
 .bss.udi_cdc_nb_data_enabled
                0x00802245        0x1 src/ASF/common/services/usb/class/cdc/device/udi_cdc.o
 .bss.udi_cdc_nb_comm_enabled
                0x00802246        0x1 src/ASF/common/services/usb/class/cdc/device/udi_cdc.o
 *fill*         0x00802247        0x1 
 .bss.uid_cdc_state_msg
                0x00802248        0xa src/ASF/common/services/usb/class/cdc/device/udi_cdc.o
 .bss.udi_cdc_state
                0x00802252        0x2 src/ASF/common/services/usb/class/cdc/device/udi_cdc.o
 .bss.udi_cdc_line_coding
                0x00802254        0x8 src/ASF/common/services/usb/class/cdc/device/udi_cdc.o
 .bss.udc_ep_status.4671
                0x0080225c        0x2 src/ASF/common/services/usb/udc/udc.o
 .bss.udc_ptr_iface
                0x0080225e        0x2 src/ASF/common/services/usb/udc/udc.o
 .bss.udc_ptr_conf
                0x00802260        0x2 src/ASF/common/services/usb/udc/udc.o
 .bss.udc_num_configuration
                0x00802262        0x2 src/ASF/common/services/usb/udc/udc.o
 .bss.udc_iface_setting
                0x00802264        0x2 src/ASF/common/services/usb/udc/udc.o
 .bss.udc_device_status
                0x00802266        0x2 src/ASF/common/services/usb/udc/udc.o
 .bss.b_shortpacket.5383
                0x00802268        0x1 src/ASF/xmega/drivers/usb/usb_device.o
 .bss.udd_ep_out_cache_buffer
                0x00802269       0x80 src/ASF/xmega/drivers/usb/usb_device.o
 .bss.udd_ep_job
                0x008022e9       0x24 src/ASF/xmega/drivers/usb/usb_device.o
 .bss.udd_ctrl_buffer
                0x0080230d       0x40 src/ASF/xmega/drivers/usb/usb_device.o
 .bss.udd_ctrl_payload_nb_trans
                0x0080234d        0x2 src/ASF/xmega/drivers/usb/usb_device.o
 .bss.udd_ctrl_prev_payload_nb_trans
                0x0080234f        0x2 src/ASF/xmega/drivers/usb/usb_device.o
 .bss.udd_ep_control_state
                0x00802351        0x1 src/ASF/xmega/drivers/usb/usb_device.o
 *fill*         0x00802352        0x2 
 .bss.udd_sram  0x00802354       0x40 src/ASF/xmega/drivers/usb/usb_device.o
 .bss.udd_b_idle
                0x00802394        0x1 src/ASF/xmega/drivers/usb/usb_device.o
 *(COMMON)
 COMMON         0x00802395      0x101 main.o
                0x00802395                _rxData
                0x00802495                _txEmpty
 COMMON         0x00802496       0x10 src/ASF/xmega/drivers/usb/usb_device.o
                0x00802496                udd_g_ctrlreq
 COMMON         0x008024a6        0x6 src/ASF/common/services/sleepmgr/xmega/sleepmgr.o
                0x008024a6                sleepmgr_locks
 COMMON         0x008024ac        0x6 c:/program files (x86)/atmel/studio/7.0/toolchain/avr8/avr8-gnu-toolchain/bin/../lib/gcc/avr/4.9.2/../../../../avr/lib/avrxmega7\libc.a(iob.o)
                0x008024ac                __iob
                0x008024b2                PROVIDE (__bss_end, .)
                0x000033c2                __data_load_start = LOADADDR (.data)
                0x000034e8                __data_load_end = (__data_load_start + SIZEOF (.data))

.noinit         0x008024b2        0x0
                [!provide]                PROVIDE (__noinit_start, .)
 *(.noinit*)
                [!provide]                PROVIDE (__noinit_end, .)
                0x008024b2                _end = .
                [!provide]                PROVIDE (__heap_start, .)

.eeprom         0x00810000        0x0
 *(.eeprom*)
                0x00810000                __eeprom_end = .

.fuse
 *(.fuse)
 *(.lfuse)
 *(.hfuse)
 *(.efuse)

.lock
 *(.lock*)

.signature
 *(.signature*)

.user_signatures
 *(.user_signatures*)

.stab
 *(.stab)

.stabstr
 *(.stabstr)

.stab.excl
 *(.stab.excl)

.stab.exclstr
 *(.stab.exclstr)

.stab.index
 *(.stab.index)

.stab.indexstr
 *(.stab.indexstr)

.comment        0x00000000       0x5c
 *(.comment)
 .comment       0x00000000       0x30 main.o
                                 0x31 (size before relaxing)
 .comment       0x00000030       0x31 src/ASF/common/services/usb/class/cdc/device/udi_cdc.o
 .comment       0x00000030       0x31 src/ASF/common/services/usb/udc/udc.o
 .comment       0x00000030       0x31 src/ASF/xmega/drivers/usb/usb_device.o
 .comment       0x00000030       0x31 src/ASF/common/services/usb/class/cdc/device/udi_cdc_desc.o
 .comment       0x00000030       0x31 src/ASF/common/services/sleepmgr/xmega/sleepmgr.o
 .comment       0x00000030       0x31 src/ASF/common/services/clock/xmega/sysclk.o
 .comment       0x00000030       0x31 c:/program files (x86)/atmel/studio/7.0/toolchain/avr8/avr8-gnu-toolchain/bin/../lib/gcc/avr/4.9.2/../../../../avr/lib/avrxmega7\libc.a(iob.o)
 .comment       0x00000030       0x31 c:/program files (x86)/atmel/studio/7.0/toolchain/avr8/avr8-gnu-toolchain/bin/../lib/gcc/avr/4.9.2/../../../../avr/lib/avrxmega7\libc.a(printf.o)
 .comment       0x00000030       0x31 c:/program files (x86)/atmel/studio/7.0/toolchain/avr8/avr8-gnu-toolchain/bin/../lib/gcc/avr/4.9.2/../../../../avr/lib/avrxmega7\libc.a(putchar.o)
 .comment       0x00000030       0x31 c:/program files (x86)/atmel/studio/7.0/toolchain/avr8/avr8-gnu-toolchain/bin/../lib/gcc/avr/4.9.2/../../../../avr/lib/avrxmega7\libc.a(puts.o)
 .comment       0x00000030       0x2c c:/program files (x86)/atmel/studio/7.0/toolchain/avr8/avr8-gnu-toolchain/bin/../lib/gcc/avr/4.9.2/../../../../avr/lib/avrxmega7\libc.a(vfprintf_std.o)
                                 0x2d (size before relaxing)
 .comment       0x0000005c       0x31 c:/program files (x86)/atmel/studio/7.0/toolchain/avr8/avr8-gnu-toolchain/bin/../lib/gcc/avr/4.9.2/../../../../avr/lib/avrxmega7\libc.a(fputc.o)

.note.gnu.avr.deviceinfo
                0x00000000       0x40
 .note.gnu.avr.deviceinfo
                0x00000000       0x40 C:/Program Files (x86)/Atmel/Studio/7.0/Packs/atmel/XMEGAA_DFP/1.1.63/gcc/dev/atxmega128a4u/avrxmega7/crtatxmega128a4u.o

.note.gnu.build-id
 *(.note.gnu.build-id)

.debug
 *(.debug)

.line
 *(.line)

.debug_srcinfo
 *(.debug_srcinfo)

.debug_sfnames
 *(.debug_sfnames)

.debug_aranges  0x00000000      0x4c8
 *(.debug_aranges)
 .debug_aranges
                0x00000000      0x110 main.o
 .debug_aranges
                0x00000110      0x170 src/ASF/common/services/usb/class/cdc/device/udi_cdc.o
 .debug_aranges
                0x00000280       0x70 src/ASF/common/services/usb/udc/udc.o
 .debug_aranges
                0x000002f0      0x120 src/ASF/xmega/drivers/usb/usb_device.o
 .debug_aranges
                0x00000410       0x18 src/ASF/common/services/usb/class/cdc/device/udi_cdc_desc.o
 .debug_aranges
                0x00000428       0x18 src/ASF/common/services/sleepmgr/xmega/sleepmgr.o
 .debug_aranges
                0x00000440       0x40 src/ASF/common/services/clock/xmega/sysclk.o
 .debug_aranges
                0x00000480       0x28 src/ASF/xmega/drivers/nvm/nvm_asm.o
 .debug_aranges
                0x000004a8       0x20 src/ASF/xmega/drivers/cpu/ccp.o

.debug_pubnames
 *(.debug_pubnames)

.debug_info     0x00000000     0x9ef8
 *(.debug_info .gnu.linkonce.wi.*)
 .debug_info    0x00000000     0x284f C:/Program Files (x86)/Atmel/Studio/7.0/Packs/atmel/XMEGAA_DFP/1.1.63/gcc/dev/atxmega128a4u/avrxmega7/crtatxmega128a4u.o
 .debug_info    0x0000284f     0x16a8 main.o
 .debug_info    0x00003ef7     0x1a0b src/ASF/common/services/usb/class/cdc/device/udi_cdc.o
 .debug_info    0x00005902     0x114c src/ASF/common/services/usb/udc/udc.o
 .debug_info    0x00006a4e     0x1df1 src/ASF/xmega/drivers/usb/usb_device.o
 .debug_info    0x0000883f      0x7bd src/ASF/common/services/usb/class/cdc/device/udi_cdc_desc.o
 .debug_info    0x00008ffc      0x121 src/ASF/common/services/sleepmgr/xmega/sleepmgr.o
 .debug_info    0x0000911d      0xc8f src/ASF/common/services/clock/xmega/sysclk.o
 .debug_info    0x00009dac       0xa6 src/ASF/xmega/drivers/nvm/nvm_asm.o
 .debug_info    0x00009e52       0xa6 src/ASF/xmega/drivers/cpu/ccp.o

.debug_abbrev   0x00000000     0x3c29
 *(.debug_abbrev)
 .debug_abbrev  0x00000000     0x262c C:/Program Files (x86)/Atmel/Studio/7.0/Packs/atmel/XMEGAA_DFP/1.1.63/gcc/dev/atxmega128a4u/avrxmega7/crtatxmega128a4u.o
 .debug_abbrev  0x0000262c      0x419 main.o
 .debug_abbrev  0x00002a45      0x3fa src/ASF/common/services/usb/class/cdc/device/udi_cdc.o
 .debug_abbrev  0x00002e3f      0x3c0 src/ASF/common/services/usb/udc/udc.o
 .debug_abbrev  0x000031ff      0x5c3 src/ASF/xmega/drivers/usb/usb_device.o
 .debug_abbrev  0x000037c2       0xfe src/ASF/common/services/usb/class/cdc/device/udi_cdc_desc.o
 .debug_abbrev  0x000038c0       0x80 src/ASF/common/services/sleepmgr/xmega/sleepmgr.o
 .debug_abbrev  0x00003940      0x2c3 src/ASF/common/services/clock/xmega/sysclk.o
 .debug_abbrev  0x00003c03       0x12 src/ASF/xmega/drivers/nvm/nvm_asm.o
 .debug_abbrev  0x00003c15       0x14 src/ASF/xmega/drivers/cpu/ccp.o

.debug_line     0x00000000     0x54a5
 *(.debug_line .debug_line.* .debug_line_end)
 .debug_line    0x00000000      0x3b5 C:/Program Files (x86)/Atmel/Studio/7.0/Packs/atmel/XMEGAA_DFP/1.1.63/gcc/dev/atxmega128a4u/avrxmega7/crtatxmega128a4u.o
 .debug_line    0x000003b5     0x10c3 main.o
 .debug_line    0x00001478      0xf76 src/ASF/common/services/usb/class/cdc/device/udi_cdc.o
 .debug_line    0x000023ee      0xa12 src/ASF/common/services/usb/udc/udc.o
 .debug_line    0x00002e00     0x14f0 src/ASF/xmega/drivers/usb/usb_device.o
 .debug_line    0x000042f0      0x4c7 src/ASF/common/services/usb/class/cdc/device/udi_cdc_desc.o
 .debug_line    0x000047b7      0x456 src/ASF/common/services/sleepmgr/xmega/sleepmgr.o
 .debug_line    0x00004c0d      0x70b src/ASF/common/services/clock/xmega/sysclk.o
 .debug_line    0x00005318      0x11f src/ASF/xmega/drivers/nvm/nvm_asm.o
 .debug_line    0x00005437       0x6e src/ASF/xmega/drivers/cpu/ccp.o

.debug_frame    0x00000000      0xe5c
 *(.debug_frame)
 .debug_frame   0x00000000      0x44c main.o
 .debug_frame   0x0000044c      0x430 src/ASF/common/services/usb/class/cdc/device/udi_cdc.o
 .debug_frame   0x0000087c      0x114 src/ASF/common/services/usb/udc/udc.o
 .debug_frame   0x00000990      0x428 src/ASF/xmega/drivers/usb/usb_device.o
 .debug_frame   0x00000db8       0xa4 src/ASF/common/services/clock/xmega/sysclk.o

.debug_str      0x00000000    0x3316c
 *(.debug_str)
 .debug_str     0x00000000     0x1aa8 C:/Program Files (x86)/Atmel/Studio/7.0/Packs/atmel/XMEGAA_DFP/1.1.63/gcc/dev/atxmega128a4u/avrxmega7/crtatxmega128a4u.o
 .debug_str     0x00001aa8    0x2bbf5 main.o
                              0x2c2e8 (size before relaxing)
 .debug_str     0x0002d69d      0xdb5 src/ASF/common/services/usb/class/cdc/device/udi_cdc.o
                              0x2a8e5 (size before relaxing)
 .debug_str     0x0002e452      0xb3a src/ASF/common/services/usb/udc/udc.o
                              0x29067 (size before relaxing)
 .debug_str     0x0002ef8c     0x3be7 src/ASF/xmega/drivers/usb/usb_device.o
                              0x2db73 (size before relaxing)
 .debug_str     0x00032b73      0x231 src/ASF/common/services/usb/class/cdc/device/udi_cdc_desc.o
                              0x29ed6 (size before relaxing)
 .debug_str     0x00032da4       0x35 src/ASF/common/services/sleepmgr/xmega/sleepmgr.o
                              0x260a0 (size before relaxing)
 .debug_str     0x00032dd9      0x393 src/ASF/common/services/clock/xmega/sysclk.o
                              0x27a34 (size before relaxing)

.debug_loc      0x00000000     0x3bd7
 *(.debug_loc)
 .debug_loc     0x00000000      0xef2 main.o
 .debug_loc     0x00000ef2     0x124c src/ASF/common/services/usb/class/cdc/device/udi_cdc.o
 .debug_loc     0x0000213e      0x4eb src/ASF/common/services/usb/udc/udc.o
 .debug_loc     0x00002629     0x1289 src/ASF/xmega/drivers/usb/usb_device.o
 .debug_loc     0x000038b2      0x325 src/ASF/common/services/clock/xmega/sysclk.o

.debug_macinfo
 *(.debug_macinfo)

.debug_weaknames
 *(.debug_weaknames)

.debug_funcnames
 *(.debug_funcnames)

.debug_typenames
 *(.debug_typenames)

.debug_varnames
 *(.debug_varnames)

.debug_pubtypes
 *(.debug_pubtypes)

.debug_ranges   0x00000000      0x4a0
 *(.debug_ranges)
 .debug_ranges  0x00000000      0x100 main.o
 .debug_ranges  0x00000100      0x160 src/ASF/common/services/usb/class/cdc/device/udi_cdc.o
 .debug_ranges  0x00000260       0xb0 src/ASF/common/services/usb/udc/udc.o
 .debug_ranges  0x00000310      0x140 src/ASF/xmega/drivers/usb/usb_device.o
 .debug_ranges  0x00000450       0x30 src/ASF/common/services/clock/xmega/sysclk.o
 .debug_ranges  0x00000480       0x20 src/ASF/xmega/drivers/nvm/nvm_asm.o

.debug_macro    0x00000000     0xa967
 *(.debug_macro)
 .debug_macro   0x00000000      0x3c0 main.o
 .debug_macro   0x000003c0      0xa90 main.o
 .debug_macro   0x00000e50       0x10 main.o
 .debug_macro   0x00000e60      0x1c9 main.o
 .debug_macro   0x00001029      0x2fc main.o
 .debug_macro   0x00001325       0x9e main.o
 .debug_macro   0x000013c3     0x5964 main.o
 .debug_macro   0x00006d27       0x9a main.o
 .debug_macro   0x00006dc1       0xf1 main.o
 .debug_macro   0x00006eb2       0x34 main.o
 .debug_macro   0x00006ee6       0x10 main.o
 .debug_macro   0x00006ef6       0x18 main.o
 .debug_macro   0x00006f0e       0x5e main.o
 .debug_macro   0x00006f6c       0x10 main.o
 .debug_macro   0x00006f7c       0x22 main.o
 .debug_macro   0x00006f9e      0x166 main.o
 .debug_macro   0x00007104       0x1c main.o
 .debug_macro   0x00007120       0x35 main.o
 .debug_macro   0x00007155       0x66 main.o
 .debug_macro   0x000071bb      0x652 main.o
 .debug_macro   0x0000780d       0x97 main.o
 .debug_macro   0x000078a4       0x17 main.o
 .debug_macro   0x000078bb      0x250 main.o
 .debug_macro   0x00007b0b       0x76 main.o
 .debug_macro   0x00007b81       0x16 main.o
 .debug_macro   0x00007b97      0x6e3 main.o
 .debug_macro   0x0000827a       0x10 main.o
 .debug_macro   0x0000828a      0x175 main.o
 .debug_macro   0x000083ff       0x40 main.o
 .debug_macro   0x0000843f       0x69 main.o
 .debug_macro   0x000084a8       0x32 main.o
 .debug_macro   0x000084da       0xe4 main.o
 .debug_macro   0x000085be       0x34 main.o
 .debug_macro   0x000085f2      0x2bf main.o
 .debug_macro   0x000088b1       0x26 main.o
 .debug_macro   0x000088d7       0x42 main.o
 .debug_macro   0x00008919       0x10 main.o
 .debug_macro   0x00008929       0x40 main.o
 .debug_macro   0x00008969       0x68 main.o
 .debug_macro   0x000089d1       0x2f main.o
 .debug_macro   0x00008a00      0x154 main.o
 .debug_macro   0x00008b54      0x228 main.o
 .debug_macro   0x00008d7c       0xb5 main.o
 .debug_macro   0x00008e31       0xf0 main.o
 .debug_macro   0x00008f21      0x24b main.o
 .debug_macro   0x0000916c      0x162 main.o
 .debug_macro   0x000092ce       0x16 main.o
 .debug_macro   0x000092e4       0x1c main.o
 .debug_macro   0x00009300      0x192 main.o
 .debug_macro   0x00009492       0x58 main.o
 .debug_macro   0x000094ea       0x10 main.o
 .debug_macro   0x000094fa       0xf2 main.o
 .debug_macro   0x000095ec      0x160 main.o
 .debug_macro   0x0000974c       0x16 main.o
 .debug_macro   0x00009762      0x299 src/ASF/common/services/usb/class/cdc/device/udi_cdc.o
 .debug_macro   0x000099fb       0xaf src/ASF/common/services/usb/class/cdc/device/udi_cdc.o
 .debug_macro   0x00009aaa      0x1f6 src/ASF/common/services/usb/udc/udc.o
 .debug_macro   0x00009ca0      0x2ca src/ASF/xmega/drivers/usb/usb_device.o
 .debug_macro   0x00009f6a      0x46a src/ASF/xmega/drivers/usb/usb_device.o
 .debug_macro   0x0000a3d4      0x20a src/ASF/common/services/usb/class/cdc/device/udi_cdc_desc.o
 .debug_macro   0x0000a5de      0x1a3 src/ASF/common/services/sleepmgr/xmega/sleepmgr.o
 .debug_macro   0x0000a781      0x1e6 src/ASF/common/services/clock/xmega/sysclk.o
OUTPUT(USB_Flash_Programmer_xmega.elf elf32-avr)
LOAD linker stubs

.BOOT           0x00020000        0x0
